[0.155s] DEBUG:colcon:Command line arguments: ['/usr/bin/colcon', 'build', '--symlink-install']
[0.155s] DEBUG:colcon:Parsed command line arguments: Namespace(log_base=None, log_level=None, verb_name='build', build_base='build', install_base='install', merge_install=False, symlink_install=True, test_result_base=None, continue_on_error=False, executor='parallel', parallel_workers=4, event_handlers=None, ignore_user_meta=False, metas=['./colcon.meta'], base_paths=['.'], packages_ignore=None, packages_ignore_regex=None, paths=None, packages_up_to=None, packages_up_to_regex=None, packages_above=None, packages_above_and_dependencies=None, packages_above_depth=None, packages_select_by_dep=None, packages_skip_by_dep=None, packages_skip_up_to=None, packages_select_build_failed=False, packages_skip_build_finished=False, packages_select_test_failures=False, packages_skip_test_passed=False, packages_select=None, packages_skip=None, packages_select_regex=None, packages_skip_regex=None, packages_start=None, packages_end=None, allow_overriding=[], cmake_args=None, cmake_target=None, cmake_target_skip_unavailable=False, cmake_clean_cache=False, cmake_clean_first=False, cmake_force_configure=False, ament_cmake_args=None, catkin_cmake_args=None, catkin_skip_building_tests=False, mixin_files=None, mixin=None, verb_parser=<colcon_mixin.mixin.mixin_argument.MixinArgumentDecorator object at 0xffffa4c051c0>, verb_extension=<colcon_core.verb.build.BuildVerb object at 0xffffa4db90d0>, main=<bound method BuildVerb.main of <colcon_core.verb.build.BuildVerb object at 0xffffa4db90d0>>, mixin_verb=('build',))
[0.213s] Level 1:colcon.colcon_core.package_discovery:discover_packages(colcon_meta) check parameters
[0.213s] Level 1:colcon.colcon_core.package_discovery:discover_packages(recursive) check parameters
[0.213s] Level 1:colcon.colcon_core.package_discovery:discover_packages(ignore) check parameters
[0.213s] Level 1:colcon.colcon_core.package_discovery:discover_packages(path) check parameters
[0.213s] Level 1:colcon.colcon_core.package_discovery:discover_packages(colcon_meta) discover
[0.213s] Level 1:colcon.colcon_core.package_discovery:discover_packages(recursive) discover
[0.213s] INFO:colcon.colcon_core.package_discovery:Crawling recursively for packages in '/home/michael/research_ws'
[0.213s] Level 1:colcon.colcon_core.package_identification:_identify(.) by extensions ['ignore', 'ignore_ament_install']
[0.213s] Level 1:colcon.colcon_core.package_identification:_identify(.) by extension 'ignore'
[0.213s] Level 1:colcon.colcon_core.package_identification:_identify(.) by extension 'ignore_ament_install'
[0.213s] Level 1:colcon.colcon_core.package_identification:_identify(.) by extensions ['colcon_pkg']
[0.213s] Level 1:colcon.colcon_core.package_identification:_identify(.) by extension 'colcon_pkg'
[0.214s] Level 1:colcon.colcon_core.package_identification:_identify(.) by extensions ['colcon_meta']
[0.214s] Level 1:colcon.colcon_core.package_identification:_identify(.) by extension 'colcon_meta'
[0.214s] Level 1:colcon.colcon_core.package_identification:_identify(.) by extensions ['ros']
[0.214s] Level 1:colcon.colcon_core.package_identification:_identify(.) by extension 'ros'
[0.252s] Level 1:colcon.colcon_core.package_identification:_identify(.) by extensions ['cmake', 'python']
[0.252s] Level 1:colcon.colcon_core.package_identification:_identify(.) by extension 'cmake'
[0.252s] Level 1:colcon.colcon_core.package_identification:_identify(.) by extension 'python'
[0.253s] Level 1:colcon.colcon_core.package_identification:_identify(.) by extensions ['python_setup_py']
[0.253s] Level 1:colcon.colcon_core.package_identification:_identify(.) by extension 'python_setup_py'
[0.253s] Level 1:colcon.colcon_core.package_identification:_identify(build) by extensions ['ignore', 'ignore_ament_install']
[0.253s] Level 1:colcon.colcon_core.package_identification:_identify(build) by extension 'ignore'
[0.253s] Level 1:colcon.colcon_core.package_identification:_identify(build) ignored
[0.253s] Level 1:colcon.colcon_core.package_identification:_identify(install) by extensions ['ignore', 'ignore_ament_install']
[0.253s] Level 1:colcon.colcon_core.package_identification:_identify(install) by extension 'ignore'
[0.253s] Level 1:colcon.colcon_core.package_identification:_identify(install) ignored
[0.253s] Level 1:colcon.colcon_core.package_identification:_identify(log) by extensions ['ignore', 'ignore_ament_install']
[0.253s] Level 1:colcon.colcon_core.package_identification:_identify(log) by extension 'ignore'
[0.254s] Level 1:colcon.colcon_core.package_identification:_identify(log) ignored
[0.254s] Level 1:colcon.colcon_core.package_identification:_identify(src) by extensions ['ignore', 'ignore_ament_install']
[0.254s] Level 1:colcon.colcon_core.package_identification:_identify(src) by extension 'ignore'
[0.254s] Level 1:colcon.colcon_core.package_identification:_identify(src) by extension 'ignore_ament_install'
[0.254s] Level 1:colcon.colcon_core.package_identification:_identify(src) by extensions ['colcon_pkg']
[0.254s] Level 1:colcon.colcon_core.package_identification:_identify(src) by extension 'colcon_pkg'
[0.254s] Level 1:colcon.colcon_core.package_identification:_identify(src) by extensions ['colcon_meta']
[0.254s] Level 1:colcon.colcon_core.package_identification:_identify(src) by extension 'colcon_meta'
[0.254s] Level 1:colcon.colcon_core.package_identification:_identify(src) by extensions ['ros']
[0.254s] Level 1:colcon.colcon_core.package_identification:_identify(src) by extension 'ros'
[0.254s] Level 1:colcon.colcon_core.package_identification:_identify(src) by extensions ['cmake', 'python']
[0.254s] Level 1:colcon.colcon_core.package_identification:_identify(src) by extension 'cmake'
[0.254s] Level 1:colcon.colcon_core.package_identification:_identify(src) by extension 'python'
[0.254s] Level 1:colcon.colcon_core.package_identification:_identify(src) by extensions ['python_setup_py']
[0.254s] Level 1:colcon.colcon_core.package_identification:_identify(src) by extension 'python_setup_py'
[0.254s] Level 1:colcon.colcon_core.package_identification:_identify(src/sllidar_ros2) by extensions ['ignore', 'ignore_ament_install']
[0.254s] Level 1:colcon.colcon_core.package_identification:_identify(src/sllidar_ros2) by extension 'ignore'
[0.255s] Level 1:colcon.colcon_core.package_identification:_identify(src/sllidar_ros2) by extension 'ignore_ament_install'
[0.255s] Level 1:colcon.colcon_core.package_identification:_identify(src/sllidar_ros2) by extensions ['colcon_pkg']
[0.255s] Level 1:colcon.colcon_core.package_identification:_identify(src/sllidar_ros2) by extension 'colcon_pkg'
[0.255s] Level 1:colcon.colcon_core.package_identification:_identify(src/sllidar_ros2) by extensions ['colcon_meta']
[0.255s] Level 1:colcon.colcon_core.package_identification:_identify(src/sllidar_ros2) by extension 'colcon_meta'
[0.255s] Level 1:colcon.colcon_core.package_identification:_identify(src/sllidar_ros2) by extensions ['ros']
[0.255s] Level 1:colcon.colcon_core.package_identification:_identify(src/sllidar_ros2) by extension 'ros'
[0.258s] DEBUG:colcon.colcon_core.package_identification:Package 'src/sllidar_ros2' with type 'ros.ament_cmake' and name 'sllidar_ros2'
[0.258s] Level 1:colcon.colcon_core.package_discovery:discover_packages(recursive) using defaults
[0.258s] Level 1:colcon.colcon_core.package_discovery:discover_packages(ignore) discover
[0.258s] Level 1:colcon.colcon_core.package_discovery:discover_packages(ignore) using defaults
[0.258s] Level 1:colcon.colcon_core.package_discovery:discover_packages(path) discover
[0.258s] Level 1:colcon.colcon_core.package_discovery:discover_packages(path) using defaults
[0.282s] Level 1:colcon.colcon_core.package_discovery:discover_packages(prefix_path) check parameters
[0.282s] Level 1:colcon.colcon_core.package_discovery:discover_packages(prefix_path) discover
[0.293s] DEBUG:colcon.colcon_installed_package_information.package_discovery:Found 360 installed packages in /home/michael/ros2_jazzy/ros2-linux
[0.297s] DEBUG:colcon.colcon_installed_package_information.package_discovery:Found 6 installed packages in /home/michael/ros2_ws/install
[0.298s] DEBUG:colcon.colcon_installed_package_information.package_discovery:Found 207 installed packages in /opt/ros/jazzy
[0.307s] Level 1:colcon.colcon_core.package_discovery:discover_packages(prefix_path) using defaults
[0.387s] Level 5:colcon.colcon_core.verb:set package 'sllidar_ros2' build argument 'cmake_args' from command line to 'None'
[0.387s] Level 5:colcon.colcon_core.verb:set package 'sllidar_ros2' build argument 'cmake_target' from command line to 'None'
[0.387s] Level 5:colcon.colcon_core.verb:set package 'sllidar_ros2' build argument 'cmake_target_skip_unavailable' from command line to 'False'
[0.387s] Level 5:colcon.colcon_core.verb:set package 'sllidar_ros2' build argument 'cmake_clean_cache' from command line to 'False'
[0.387s] Level 5:colcon.colcon_core.verb:set package 'sllidar_ros2' build argument 'cmake_clean_first' from command line to 'False'
[0.387s] Level 5:colcon.colcon_core.verb:set package 'sllidar_ros2' build argument 'cmake_force_configure' from command line to 'False'
[0.387s] Level 5:colcon.colcon_core.verb:set package 'sllidar_ros2' build argument 'ament_cmake_args' from command line to 'None'
[0.387s] Level 5:colcon.colcon_core.verb:set package 'sllidar_ros2' build argument 'catkin_cmake_args' from command line to 'None'
[0.387s] Level 5:colcon.colcon_core.verb:set package 'sllidar_ros2' build argument 'catkin_skip_building_tests' from command line to 'False'
[0.387s] DEBUG:colcon.colcon_core.verb:Building package 'sllidar_ros2' with the following arguments: {'ament_cmake_args': None, 'build_base': '/home/michael/research_ws/build/sllidar_ros2', 'catkin_cmake_args': None, 'catkin_skip_building_tests': False, 'cmake_args': None, 'cmake_clean_cache': False, 'cmake_clean_first': False, 'cmake_force_configure': False, 'cmake_target': None, 'cmake_target_skip_unavailable': False, 'install_base': '/home/michael/research_ws/install/sllidar_ros2', 'merge_install': False, 'path': '/home/michael/research_ws/src/sllidar_ros2', 'symlink_install': True, 'test_result_base': None}
[0.388s] INFO:colcon.colcon_core.executor:Executing jobs using 'parallel' executor
[0.389s] DEBUG:colcon.colcon_parallel_executor.executor.parallel:run_until_complete
[0.389s] INFO:colcon.colcon_ros.task.ament_cmake.build:Building ROS package in '/home/michael/research_ws/src/sllidar_ros2' with build type 'ament_cmake'
[0.390s] INFO:colcon.colcon_cmake.task.cmake.build:Building CMake package in '/home/michael/research_ws/src/sllidar_ros2'
[0.395s] INFO:colcon.colcon_core.plugin_system:Skipping extension 'colcon_core.shell.bat': Not used on non-Windows systems
[0.396s] INFO:colcon.colcon_core.shell:Skip shell extension 'powershell' for command environment: Not usable outside of PowerShell
[0.396s] DEBUG:colcon.colcon_core.shell:Skip shell extension 'dsv' for command environment
[0.419s] DEBUG:colcon.colcon_core.event_handler.log_command:Invoking command in '/home/michael/research_ws/build/sllidar_ros2': CMAKE_PREFIX_PATH=${CMAKE_PREFIX_PATH}:/opt/ros/jazzy DEBUGINFOD_URLS=https://debuginfod.ubuntu.com /usr/bin/cmake /home/michael/research_ws/src/sllidar_ros2 -DAMENT_CMAKE_SYMLINK_INSTALL=1 -DCMAKE_INSTALL_PREFIX=/home/michael/research_ws/install/sllidar_ros2
[2.641s] DEBUG:colcon.colcon_core.event_handler.log_command:Invoked command in '/home/michael/research_ws/build/sllidar_ros2' returned '0': CMAKE_PREFIX_PATH=${CMAKE_PREFIX_PATH}:/opt/ros/jazzy DEBUGINFOD_URLS=https://debuginfod.ubuntu.com /usr/bin/cmake /home/michael/research_ws/src/sllidar_ros2 -DAMENT_CMAKE_SYMLINK_INSTALL=1 -DCMAKE_INSTALL_PREFIX=/home/michael/research_ws/install/sllidar_ros2
[2.644s] DEBUG:colcon.colcon_core.event_handler.log_command:Invoking command in '/home/michael/research_ws/build/sllidar_ros2': CMAKE_PREFIX_PATH=${CMAKE_PREFIX_PATH}:/opt/ros/jazzy DEBUGINFOD_URLS=https://debuginfod.ubuntu.com /usr/bin/cmake --build /home/michael/research_ws/build/sllidar_ros2 -- -j4 -l4
[19.062s] DEBUG:colcon.colcon_core.event_handler.log_command:Invoked command in '/home/michael/research_ws/build/sllidar_ros2' returned '0': CMAKE_PREFIX_PATH=${CMAKE_PREFIX_PATH}:/opt/ros/jazzy DEBUGINFOD_URLS=https://debuginfod.ubuntu.com /usr/bin/cmake --build /home/michael/research_ws/build/sllidar_ros2 -- -j4 -l4
[19.081s] DEBUG:colcon.colcon_core.event_handler.log_command:Invoking command in '/home/michael/research_ws/build/sllidar_ros2': CMAKE_PREFIX_PATH=${CMAKE_PREFIX_PATH}:/opt/ros/jazzy DEBUGINFOD_URLS=https://debuginfod.ubuntu.com /usr/bin/cmake --install /home/michael/research_ws/build/sllidar_ros2
[19.919s] Level 1:colcon.colcon_core.environment:create_environment_scripts_only(sllidar_ros2)
[19.920s] DEBUG:colcon.colcon_core.event_handler.log_command:Invoked command in '/home/michael/research_ws/build/sllidar_ros2' returned '0': CMAKE_PREFIX_PATH=${CMAKE_PREFIX_PATH}:/opt/ros/jazzy DEBUGINFOD_URLS=https://debuginfod.ubuntu.com /usr/bin/cmake --install /home/michael/research_ws/build/sllidar_ros2
[19.923s] Level 1:colcon.colcon_core.environment:checking '/home/michael/research_ws/install/sllidar_ros2' for CMake module files
[19.924s] Level 1:colcon.colcon_core.environment:checking '/home/michael/research_ws/install/sllidar_ros2' for CMake config files
[19.925s] Level 1:colcon.colcon_core.shell:create_environment_hook('sllidar_ros2', 'cmake_prefix_path')
[19.925s] INFO:colcon.colcon_core.shell:Creating environment hook '/home/michael/research_ws/install/sllidar_ros2/share/sllidar_ros2/hook/cmake_prefix_path.ps1'
[19.926s] INFO:colcon.colcon_core.shell:Creating environment descriptor '/home/michael/research_ws/install/sllidar_ros2/share/sllidar_ros2/hook/cmake_prefix_path.dsv'
[19.927s] INFO:colcon.colcon_core.shell:Creating environment hook '/home/michael/research_ws/install/sllidar_ros2/share/sllidar_ros2/hook/cmake_prefix_path.sh'
[19.928s] Level 1:colcon.colcon_core.environment:checking '/home/michael/research_ws/install/sllidar_ros2/lib'
[19.928s] Level 1:colcon.colcon_core.environment:checking '/home/michael/research_ws/install/sllidar_ros2/bin'
[19.928s] Level 1:colcon.colcon_core.environment:checking '/home/michael/research_ws/install/sllidar_ros2/lib/pkgconfig/sllidar_ros2.pc'
[19.929s] Level 1:colcon.colcon_core.environment:checking '/home/michael/research_ws/install/sllidar_ros2/lib/python3.12/site-packages'
[19.929s] Level 1:colcon.colcon_core.environment:checking '/home/michael/research_ws/install/sllidar_ros2/bin'
[19.929s] INFO:colcon.colcon_core.shell:Creating package script '/home/michael/research_ws/install/sllidar_ros2/share/sllidar_ros2/package.ps1'
[19.930s] INFO:colcon.colcon_core.shell:Creating package descriptor '/home/michael/research_ws/install/sllidar_ros2/share/sllidar_ros2/package.dsv'
[19.931s] INFO:colcon.colcon_core.shell:Creating package script '/home/michael/research_ws/install/sllidar_ros2/share/sllidar_ros2/package.sh'
[19.932s] INFO:colcon.colcon_core.shell:Creating package script '/home/michael/research_ws/install/sllidar_ros2/share/sllidar_ros2/package.bash'
[19.932s] INFO:colcon.colcon_core.shell:Creating package script '/home/michael/research_ws/install/sllidar_ros2/share/sllidar_ros2/package.zsh'
[19.933s] Level 1:colcon.colcon_core.environment:create_file_with_runtime_dependencies(/home/michael/research_ws/install/sllidar_ros2/share/colcon-core/packages/sllidar_ros2)
[19.934s] Level 1:colcon.colcon_core.environment:create_environment_scripts_only(sllidar_ros2)
[19.934s] Level 1:colcon.colcon_core.environment:checking '/home/michael/research_ws/install/sllidar_ros2' for CMake module files
[19.935s] Level 1:colcon.colcon_core.environment:checking '/home/michael/research_ws/install/sllidar_ros2' for CMake config files
[19.935s] Level 1:colcon.colcon_core.shell:create_environment_hook('sllidar_ros2', 'cmake_prefix_path')
[19.935s] INFO:colcon.colcon_core.shell:Creating environment hook '/home/michael/research_ws/install/sllidar_ros2/share/sllidar_ros2/hook/cmake_prefix_path.ps1'
[19.936s] INFO:colcon.colcon_core.shell:Creating environment descriptor '/home/michael/research_ws/install/sllidar_ros2/share/sllidar_ros2/hook/cmake_prefix_path.dsv'
[19.938s] INFO:colcon.colcon_core.shell:Creating environment hook '/home/michael/research_ws/install/sllidar_ros2/share/sllidar_ros2/hook/cmake_prefix_path.sh'
[19.939s] Level 1:colcon.colcon_core.environment:checking '/home/michael/research_ws/install/sllidar_ros2/lib'
[19.939s] Level 1:colcon.colcon_core.environment:checking '/home/michael/research_ws/install/sllidar_ros2/bin'
[19.939s] Level 1:colcon.colcon_core.environment:checking '/home/michael/research_ws/install/sllidar_ros2/lib/pkgconfig/sllidar_ros2.pc'
[19.939s] Level 1:colcon.colcon_core.environment:checking '/home/michael/research_ws/install/sllidar_ros2/lib/python3.12/site-packages'
[19.940s] Level 1:colcon.colcon_core.environment:checking '/home/michael/research_ws/install/sllidar_ros2/bin'
[19.940s] INFO:colcon.colcon_core.shell:Creating package script '/home/michael/research_ws/install/sllidar_ros2/share/sllidar_ros2/package.ps1'
[19.941s] INFO:colcon.colcon_core.shell:Creating package descriptor '/home/michael/research_ws/install/sllidar_ros2/share/sllidar_ros2/package.dsv'
[19.942s] INFO:colcon.colcon_core.shell:Creating package script '/home/michael/research_ws/install/sllidar_ros2/share/sllidar_ros2/package.sh'
[19.943s] INFO:colcon.colcon_core.shell:Creating package script '/home/michael/research_ws/install/sllidar_ros2/share/sllidar_ros2/package.bash'
[19.945s] INFO:colcon.colcon_core.shell:Creating package script '/home/michael/research_ws/install/sllidar_ros2/share/sllidar_ros2/package.zsh'
[19.946s] Level 1:colcon.colcon_core.environment:create_file_with_runtime_dependencies(/home/michael/research_ws/install/sllidar_ros2/share/colcon-core/packages/sllidar_ros2)
[19.948s] DEBUG:colcon.colcon_parallel_executor.executor.parallel:closing loop
[19.948s] DEBUG:colcon.colcon_parallel_executor.executor.parallel:loop closed
[19.949s] DEBUG:colcon.colcon_parallel_executor.executor.parallel:run_until_complete finished with '0'
[19.949s] DEBUG:colcon.colcon_core.event_reactor:joining thread
[19.978s] INFO:colcon.colcon_core.plugin_system:Skipping extension 'colcon_notification.desktop_notification.terminal_notifier': Not used on non-Darwin systems
[19.978s] INFO:colcon.colcon_core.plugin_system:Skipping extension 'colcon_notification.desktop_notification.win32': Not used on non-Windows systems
[19.978s] INFO:colcon.colcon_notification.desktop_notification:Sending desktop notification using 'notify2'
[20.003s] DEBUG:colcon.colcon_core.event_reactor:joined thread
[20.004s] INFO:colcon.colcon_core.shell:Creating prefix script '/home/michael/research_ws/install/local_setup.ps1'
[20.005s] INFO:colcon.colcon_core.shell:Creating prefix util module '/home/michael/research_ws/install/_local_setup_util_ps1.py'
[20.006s] INFO:colcon.colcon_core.shell:Creating prefix chain script '/home/michael/research_ws/install/setup.ps1'
[20.008s] INFO:colcon.colcon_core.shell:Creating prefix script '/home/michael/research_ws/install/local_setup.sh'
[20.009s] INFO:colcon.colcon_core.shell:Creating prefix util module '/home/michael/research_ws/install/_local_setup_util_sh.py'
[20.009s] INFO:colcon.colcon_core.shell:Creating prefix chain script '/home/michael/research_ws/install/setup.sh'
[20.011s] INFO:colcon.colcon_core.shell:Creating prefix script '/home/michael/research_ws/install/local_setup.bash'
[20.012s] INFO:colcon.colcon_core.shell:Creating prefix chain script '/home/michael/research_ws/install/setup.bash'
[20.013s] INFO:colcon.colcon_core.shell:Creating prefix script '/home/michael/research_ws/install/local_setup.zsh'
[20.014s] INFO:colcon.colcon_core.shell:Creating prefix chain script '/home/michael/research_ws/install/setup.zsh'
